GAMS 51.1.0  2d039df5 Sep 13, 2025          WEX-WEI x86 64bit/MS Windows - 09/25/25 11:21:31 Page 1
G e n e r a l   A l g e b r a i c   M o d e l i n g   S y s t e m
C o m p i l a t i o n


   1   
        
       THE PROBLEM:
       A motor vehicle company is planning production for the coming year. The company makes
       Hays and Grain. The company will produce 10,000 Acres total for the year. Acres
       have the following components:
       The company has purchased 14,000 fuel June. Hays are made with 2 fuel June per
       vehicle; Grain have just one tank.
       The company has purchased 18,000 rows of July. Hays have 1 row of July per vehicle;
       Grain have two rows per Acres.
       The company has purchased 6,000 four-wheel drive systems. Hays are built with 1 four-
       wheel drive system per vehicle. Grain have none.
       Hays generate $100/vehicle while Grain generate $110/vehicle.
        
  17   
  18   
  19  * 1. DEFINE the SETS
  20   SETS plant Acres manufactured /Hay, Grain/
  21        res resources /June, July, August,Acres/;
  22   
  23  * 2. DEFINE input data
  24   PARAMETERS
  25      c(plant) Objective function coefficients ($ per vehicle)
  26            /Hay  100,
  27            Grain   120/
  28      b(res) Right hand constraint values (per resource)
  29             /June            14000,
  30              July            18000,
  31              August          6000,
  32              Acres         10000/;
  33   
  34   TABLE A(plant,res) Left hand side constraint coefficients
  35                  June   July   August   Acres
  36    Hay           2       1       1        1
  37    Grain         1       2       0        1;
  38   
  39   
  40  * 3. DEFINE the variables
  41   VARIABLES X(plant) Acres made (Number)
  42             VPROFIT  total profit ($);
  43   
  44  * Non-negativity constraints
  45   POSITIVE VARIABLES X;
  46   
  47  * 4. COMBINE variables and data in equations
  48   EQUATIONS
  49      PROFIT Total profit ($) and objective function value
  50      RES_CONSTRAIN(res) Resource Constraints;
  51   
  52   PROFIT..                 VPROFIT =E= SUM(plant, c(plant)*X(plant));
  53   RES_CONSTRAIN(res) ..    SUM(plant, A(plant,res)*X(plant)) =L= b(res);
  54   
  55   
  56  * 5. DEFINE the MODEL from the EQUATIONS
  57   MODEL PLANTING /PROFIT, RES_CONSTRAIN/;
  58  *Altnerative way to write (include all previously defined equations)
  59  *MODEL PLANTING /ALL/;
  60   
  61   
  62  * 6. SOLVE the MODEL
  63  * Solve the PLANTING model using a Linear Programming Solver (see File=>Options=>Solvers)
  64  *     to maximize VPROFIT
  65   SOLVE PLANTING USING LP MAXIMIZING VPROFIT;
  66   
  67  * 6. CLick File menu => RUN (F9) or Solve icon and examine solution report in .LST file


COMPILATION TIME     =        0.000 SECONDS      3 MB  51.1.0 2d039df5 WEX-WEI
GAMS 51.1.0  2d039df5 Sep 13, 2025          WEX-WEI x86 64bit/MS Windows - 09/25/25 11:21:31 Page 2
G e n e r a l   A l g e b r a i c   M o d e l i n g   S y s t e m
Equation Listing    SOLVE PLANTING Using LP From line 65


---- PROFIT  =E=  Total profit ($) and objective function value

PROFIT..  - 100*X(Hay) - 120*X(Grain) + VPROFIT =E= 0 ; (LHS = 0)
     

---- RES_CONSTRAIN  =L=  Resource Constraints

RES_CONSTRAIN(June)..  2*X(Hay) + X(Grain) =L= 14000 ; (LHS = 0)
     
RES_CONSTRAIN(July)..  X(Hay) + 2*X(Grain) =L= 18000 ; (LHS = 0)
     
RES_CONSTRAIN(August)..  X(Hay) =L= 6000 ; (LHS = 0)
     
REMAINING ENTRY SKIPPED

GAMS 51.1.0  2d039df5 Sep 13, 2025          WEX-WEI x86 64bit/MS Windows - 09/25/25 11:21:31 Page 3
G e n e r a l   A l g e b r a i c   M o d e l i n g   S y s t e m
Column Listing      SOLVE PLANTING Using LP From line 65


---- X  Acres made (Number)

X(Hay)
                (.LO, .L, .UP, .M = 0, 0, +INF, 0)
     -100       PROFIT
        2       RES_CONSTRAIN(June)
        1       RES_CONSTRAIN(July)
        1       RES_CONSTRAIN(August)
        1       RES_CONSTRAIN(Acres)

X(Grain)
                (.LO, .L, .UP, .M = 0, 0, +INF, 0)
     -120       PROFIT
        1       RES_CONSTRAIN(June)
        2       RES_CONSTRAIN(July)
        1       RES_CONSTRAIN(Acres)


---- VPROFIT  total profit ($)

VPROFIT
                (.LO, .L, .UP, .M = -INF, 0, +INF, 0)
        1       PROFIT

GAMS 51.1.0  2d039df5 Sep 13, 2025          WEX-WEI x86 64bit/MS Windows - 09/25/25 11:21:31 Page 4
G e n e r a l   A l g e b r a i c   M o d e l i n g   S y s t e m
Range Statistics    SOLVE PLANTING Using LP From line 65


RANGE STATISTICS (ABSOLUTE NON-ZERO FINITE VALUES)

RHS       [min, max] : [ 6.000E+03, 1.800E+04] - Zero values observed as well
Bound     [min, max] : [        NA,        NA] - Zero values observed as well
Matrix    [min, max] : [ 1.000E+00, 1.200E+02]

GAMS 51.1.0  2d039df5 Sep 13, 2025          WEX-WEI x86 64bit/MS Windows - 09/25/25 11:21:31 Page 5
G e n e r a l   A l g e b r a i c   M o d e l i n g   S y s t e m
Model Statistics    SOLVE PLANTING Using LP From line 65


MODEL STATISTICS

BLOCKS OF EQUATIONS           2     SINGLE EQUATIONS            5
BLOCKS OF VARIABLES           2     SINGLE VARIABLES            3
NON ZERO ELEMENTS            10


GENERATION TIME      =        0.015 SECONDS      4 MB  51.1.0 2d039df5 WEX-WEI
GAMS 51.1.0  2d039df5 Sep 13, 2025          WEX-WEI x86 64bit/MS Windows - 09/25/25 11:21:31 Page 6
G e n e r a l   A l g e b r a i c   M o d e l i n g   S y s t e m
Solution Report     SOLVE PLANTING Using LP From line 65


               S O L V E      S U M M A R Y

     MODEL   PLANTING            OBJECTIVE  VPROFIT
     TYPE    LP                  DIRECTION  MAXIMIZE
     SOLVER  CPLEX               FROM LINE  65

**** SOLVER STATUS     1 Normal Completion
**** MODEL STATUS      1 Optimal
**** OBJECTIVE VALUE          1160000.0000

 RESOURCE USAGE, LIMIT          0.000 10000000000.000
 ITERATION COUNT, LIMIT         3    2147483647
*** This solver runs with a community license.
--- GMO setup time: 0.00s
--- GMO memory 0.50 Mb (peak 0.50 Mb)
--- Dictionary memory 0.00 Mb
--- Cplex 22.1.2.0 link memory 0.00 Mb (peak 0.00 Mb)
--- Starting Cplex


--- LP status (1): optimal.
--- Cplex Time: 0.00sec (det. 0.01 ticks)


Optimal solution found
Objective:      1160000.000000


                           LOWER          LEVEL          UPPER         MARGINAL

---- EQU PROFIT              .              .              .             1.0000      

  PROFIT  Total profit ($) and objective function value

---- EQU RES_CONSTRAIN  Resource Constraints

              LOWER          LEVEL          UPPER         MARGINAL

June          -INF        12000.0000     14000.0000          .          
July          -INF        18000.0000     18000.0000        20.0000      
August        -INF         2000.0000      6000.0000          .          
Acres         -INF        10000.0000     10000.0000        80.0000      

---- VAR X  Acres made (Number)

             LOWER          LEVEL          UPPER         MARGINAL

Hay            .          2000.0000        +INF             .          
Grain          .          8000.0000        +INF             .          

                           LOWER          LEVEL          UPPER         MARGINAL

---- VAR VPROFIT           -INF      1160000.0000        +INF             .          

  VPROFIT  total profit ($)


**** REPORT SUMMARY :        0     NONOPT
                             0 INFEASIBLE
                             0  UNBOUNDED


EXECUTION TIME       =        0.078 SECONDS      4 MB  51.1.0 2d039df5 WEX-WEI


USER: Course License                                 G250902+0003Ac-GEN
      Utah State University                                     DCE4709
      License for teaching and research at degree granting institutions


**** FILE SUMMARY

Input      C:\Users\bhpar\OneDrive\Documents\School\Fall 2025\System Analysis\CEE-6410-Parker\GAMS\HW#4\HW-4-Plants.gms
Output     C:\Users\bhpar\OneDrive\Documents\School\Fall 2025\System Analysis\CEE-6410-Parker\GAMS\HW#4\HW-4-Plants.lst
